// Jest Snapshot v1, https://goo.gl/fbAQLP

exports[`App component renders correctly 1`] = `
<ContextProvider
  value={
    Object {
      "isLoggedIn": false,
      "setLoggedIn": [Function],
    }
  }
>
  <Router
    history={
      Object {
        "action": "POP",
        "block": [Function],
        "createHref": [Function],
        "go": [Function],
        "goBack": [Function],
        "goForward": [Function],
        "length": 1,
        "listen": [Function],
        "location": Object {
          "hash": "",
          "pathname": "/",
          "search": "",
          "state": undefined,
        },
        "push": [Function],
        "replace": [Function],
      }
    }
  >
    <div
      className="App"
    >
      <withRouter(NavBar)
        isLoggedIn={false}
      />
      <LandingPage />
    </div>
  </Router>
</ContextProvider>
`;
